// Jest Snapshot v1, https://goo.gl/fbAQLP

exports[`renders homepage unchanged 1`] = `
<div
  className="sc-bdvvtL eMmreN"
>
  <main
    className="main"
  >
    <h1
      className="title"
    >
      <a
        href="https://github.com/EliEladElrom/next-must-have-libraries"
      >
        next-must-have-libraries
      </a>
    </h1>
    <p
      className="description"
    >
      Get started by editing 
      <code
        className="code"
      >
        pages/index.tsx
      </code>
    </p>
    <div
      className="grid"
    >
      <a
        className="card"
        href="https://github.com/EliEladElrom/react-tutorials"
        rel="noopener noreferrer"
        target="_blank"
      >
        <h2>
          React Tutorials →
        </h2>
        <p>
          A list of projects I curated to help expedite effort on React projects.
        </p>
      </a>
      <a
        className="card"
        href="https://elielrom.com"
      >
        <h2>
          Need Help →
        </h2>
        <p>
          Hit me up, if you can use help with your React project.
        </p>
      </a>
      <a
        className="card"
        href="https://nextjs.org/docs"
      >
        <h2>
          Nextjs Documentation →
        </h2>
        <p>
          Find in-depth information about Next.js features and API.
        </p>
      </a>
      <a
        className="card"
        href="https://github.com/vercel/next.js/tree/master/examples"
      >
        <h2>
          Examples →
        </h2>
        <p>
          Discover and deploy boilerplate example Next.js projects.
        </p>
      </a>
    </div>
  </main>
  <footer
    className="footer"
  >
    <a
      href="https://github.com/EliEladElrom/next-must-have-libraries"
      rel="noopener noreferrer"
      target="_blank"
    >
      next-must-have-libraries
    </a>
    <div
      className="sc-gsDKAQ chGAoU"
    >
      <a
        href="https://github.com/EliEladElrom/next-must-have-libraries"
        target="_blank"
      >
        <img
          alt="Github"
          src="/github-logo.png"
        />
      </a>
    </div>
  </footer>
</div>
`;
