// Jest Snapshot v1, https://goo.gl/fbAQLP

exports[`renders homepage unchanged 1`] = `
<div
  className="container"
>
  <main
    className="main"
  >
    <h1
      className="title"
    >
      <a
        href="https://github.com/EliEladElrom/next-must-have-libraries"
      >
        next-must-have-libraries
      </a>
    </h1>
    <p
      className="description"
    >
      Get started by editing 
      <code
        className="code"
      >
        pages/index.tsx
      </code>
    </p>
    <div
      className="grid"
    >
      <a
        className="card"
        href="https://github.com/EliEladElrom/react-tutorials"
        rel="noopener noreferrer"
        target="_blank"
      >
        <h2>
          React Tutorials →
        </h2>
        <p>
          A list of projects I curated to help expedite effort on React projects.
        </p>
      </a>
      <a
        className="card"
        href="https://elielrom.com"
      >
        <h2>
          Need Help →
        </h2>
        <p>
          Hit me up, if you can use help with your React project.
        </p>
      </a>
      <a
        className="card"
        href="https://nextjs.org/docs"
      >
        <h2>
          Nextjs Documentation →
        </h2>
        <p>
          Find in-depth information about Next.js features and API.
        </p>
      </a>
      <a
        className="card"
        href="https://github.com/vercel/next.js/tree/master/examples"
      >
        <h2>
          Examples →
        </h2>
        <p>
          Discover and deploy boilerplate example Next.js projects.
        </p>
      </a>
    </div>
  </main>
  <footer
    className="footer"
  >
    <a
      href="https://github.com/EliEladElrom/next-must-have-libraries"
      rel="noopener noreferrer"
      target="_blank"
    >
      next-must-have-libraries
    </a>
    <a
      href="https://vercel.com?utm_source=create-next-app&utm_medium=default-template&utm_campaign=create-next-app"
      rel="noopener noreferrer"
      target="_blank"
    >
      <span
        className="logo"
      >
        <span
          style={
            Object {
              "background": "none",
              "border": 0,
              "boxSizing": "border-box",
              "display": "inline-block",
              "height": "initial",
              "margin": 0,
              "maxWidth": "100%",
              "opacity": 1,
              "overflow": "hidden",
              "padding": 0,
              "position": "relative",
              "width": "initial",
            }
          }
        >
          <span
            style={
              Object {
                "background": "none",
                "border": 0,
                "boxSizing": "border-box",
                "display": "block",
                "height": "initial",
                "margin": 0,
                "maxWidth": "100%",
                "opacity": 1,
                "padding": 0,
                "width": "initial",
              }
            }
          >
            <img
              alt=""
              aria-hidden={true}
              src="data:image/svg+xml,%3csvg%20xmlns=%27http://www.w3.org/2000/svg%27%20version=%271.1%27%20width=%2772%27%20height=%2716%27/%3e"
              style={
                Object {
                  "background": "none",
                  "border": 0,
                  "display": "block",
                  "height": "initial",
                  "margin": 0,
                  "maxWidth": "100%",
                  "opacity": 1,
                  "padding": 0,
                  "width": "initial",
                }
              }
            />
          </span>
          <img
            alt="Vercel Logo"
            data-nimg="intrinsic"
            decoding="async"
            src="data:image/gif;base64,R0lGODlhAQABAIAAAAAAAP///yH5BAEAAAAALAAAAAABAAEAAAIBRAA7"
            style={
              Object {
                "border": "none",
                "bottom": 0,
                "boxSizing": "border-box",
                "display": "block",
                "height": 0,
                "left": 0,
                "margin": "auto",
                "maxHeight": "100%",
                "maxWidth": "100%",
                "minHeight": "100%",
                "minWidth": "100%",
                "objectFit": undefined,
                "objectPosition": undefined,
                "padding": 0,
                "position": "absolute",
                "right": 0,
                "top": 0,
                "width": 0,
              }
            }
          />
          <noscript>
            <img
              alt="Vercel Logo"
              data-nimg="intrinsic"
              decoding="async"
              loading="lazy"
              src="/vercel.svg"
              srcSet="/vercel.svg 1x, /vercel.svg 2x"
              style={
                Object {
                  "border": "none",
                  "bottom": 0,
                  "boxSizing": "border-box",
                  "display": "block",
                  "height": 0,
                  "left": 0,
                  "margin": "auto",
                  "maxHeight": "100%",
                  "maxWidth": "100%",
                  "minHeight": "100%",
                  "minWidth": "100%",
                  "objectFit": undefined,
                  "objectPosition": undefined,
                  "padding": 0,
                  "position": "absolute",
                  "right": 0,
                  "top": 0,
                  "width": 0,
                }
              }
            />
          </noscript>
        </span>
      </span>
    </a>
  </footer>
</div>
`;
